2026-08-03 10:35:21,898 | INFO | Consolidado atualizado: C:\Users\Usuário 1\Documents\Inovve_Automação\ASSISTENTE DE REGISTROS\registro_atividades\registros_diarios\2026\08\Consolidado-2026-08.txt
2026-08-03 10:37:22,979 | INFO | Nova atividade registrada: Testando registro automático
2026-08-03 10:55:24,684 | INFO | Nova atividade registrada: Contestar as reclamações 004/2026 e 005/2026 de Santo Antônio de Jesus na ANEEL
2026-08-03 11:03:24,969 | INFO | Nova atividade registrada: Atualização do Status das reclamações de Gurinhém - Todas estavam com resposta a
2026-08-03 11:23:25,451 | INFO | Nova atividade registrada: Fim do almoço
2026-08-03 11:49:25,675 | INFO | Nova atividade registrada: Passar para a ouvidoria da concessionária - Gurinhém - REC 001/2026 até a 010/20
2026-08-03 11:58:28,020 | INFO | Nova atividade registrada: Atualizando a lista de atividades - Pondo as levas de reclamações de Gurinhém pa
2026-08-03 12:50:28,567 | INFO | Nova atividade registrada: Método de análise do QIP automático - Protótipo rudimentar, mas já facilita muit
2026-08-03 13:13:29,577 | INFO | Nova atividade registrada: Finalizada análise de QIP (Perda nos reatores) de Gurinhém + Elaboração da recla
2026-08-03 13:39:30,812 | INFO | Nova atividade registrada: Leitura de E-mails 3 Reclamações CELPE foram deferidas, porém não consegui ident
2026-08-03 13:46:38,245 | INFO | Nova atividade registrada: Consegui localizar mais um protocolo deferido de Ribeirão, referente a reclamaçã
2026-08-03 13:50:38,988 | INFO | Nova atividade registrada: Adicionei na tabela as atividades de contestar custo de disponibilidade em Guana
2026-08-03 13:51:39,201 | INFO | Nova atividade registrada: Adicionei na tabela as atividades de contestar custo de disponibilidade em Guana
2026-08-04 08:18:31,352 | INFO | Consolidado atualizado: C:\Users\Usuário 1\Documents\Inovve_Automação\ASSISTENTE DE REGISTROS\registro_atividades\registros_diarios\2026\08\Consolidado-2026-08.txt
2026-08-04 08:29:33,654 | INFO | Nova atividade registrada: Fim da leitura de E-mails não tinha muita novidade, só mais faturas de Miranda.
2026-08-04 08:35:33,811 | INFO | Nova atividade registrada: Quanto a atividade de contestar as reclamações de custo de disponibilidade de Sa
2026-08-04 08:52:34,161 | INFO | Nova atividade registrada: Além do termo aditivo estar vencido desde de maio, para o caso de SAJ (Santo Ant
2026-08-04 08:57:34,270 | INFO | Nova atividade registrada: Mudança de curso, Larissa pediu pra eu focar nas reclamações de taxa de administ
2026-08-04 09:06:34,433 | INFO | Nova atividade registrada: Fim da atividade de fazer a reclamação de taxa adm. da CIP de Itaíba
2026-08-04 09:59:36,835 | INFO | Nova atividade registrada: Finalizado envio de reclamações de Itaíba, todas foram feitas por e-mail pois o 
2026-08-04 12:36:38,402 | INFO | Nova atividade registrada: Finalizei as reclamações de taxa CIP de Ruda
2026-08-04 12:55:38,703 | INFO | Nova atividade registrada: Finalizei as reclamações de CIP da HLA
2026-08-04 13:24:39,130 | INFO | Nova atividade registrada: Correção das reclamações de RUDA e HLA
2026-08-04 13:55:40,377 | INFO | Nova atividade registrada: Pausei, estou tentando melhorar o método de edição e analise dos dados dos munic
2026-08-05 07:58:43,169 | INFO | Consolidado atualizado: C:\Users\Usuário 1\Documents\Inovve_Automação\ASSISTENTE DE REGISTROS\registro_atividades\registros_diarios\2026\08\Consolidado-2026-08.txt
2026-08-05 08:10:44,926 | INFO | Nova atividade registrada: Leitura de e-mails finalizada: Hoje foi só receber os protocolos das reclamações
2026-08-05 08:26:45,125 | INFO | Nova atividade registrada: Atualizei a planilha de atividades.
2026-08-05 08:52:45,427 | INFO | Nova atividade registrada: Reclamação 001/2026 Cacimba de Dentro.
2026-08-05 09:25:45,930 | INFO | Nova atividade registrada: Automação que guarda os PDFs das reclamações novas.
2026-08-05 09:32:46,088 | INFO | Nova atividade registrada: Automação que guarda os PDFs das reclamações novas.
2026-08-05 11:01:47,014 | INFO | Nova atividade registrada: Fiz 7 reclamações de taxa dda cip, ficou faltando dois pq eu não achei as fatura
2026-08-05 12:20:47,635 | INFO | Nova atividade registrada: Finalizei o envio das reclamações de taxa cip de hoje
2026-08-05 14:06:33,939 | INFO | Nova atividade registrada: Quase termino aqui as atualizações do gerador de documento, fica para depois, ta
