This is LuaHBTeX, Version 1.24.0 (MiKTeX 26.2) (format=lualatex 2026.4.30)  14 SEP 2026 16:31
 restricted system commands enabled.
**RUDA.tex
(./RUDA.tex
LaTeX2e <2025-11-01>
L3 programming layer <2026-01-19>
Lua module: luaotfload 2024-12-03 v3.29 Lua based OpenType font support
Lua module: lualibs 2023-07-13 v2.76 ConTeXt Lua standard libraries.
Lua module: lualibs-extended 2023-07-13 v2.76 ConTeXt Lua libraries -- extended 
collection.
luaotfload | conf : Root cache directory is "C:/Users/Usuário 1/AppData/Local/M
iKTeX/luatex-cache/generic/names".
luaotfload | init : Loading fontloader "fontloader-2023-12-28.lua" from kpse-res
olved path "C:/Users/Usuário 1/AppData/Local/Programs/MiKTeX/tex/luatex/luaotfl
oad/fontloader-2023-12-28.lua".
Lua-only attribute luaotfload@noligature = 1
luaotfload | init : Context OpenType loader version 3.134
Inserting `luaotfload.node_processor' in `pre_linebreak_filter'.
Inserting `luaotfload.node_processor' in `hpack_filter'.
Inserting `luaotfload.glyph_stream' in `glyph_stream_provider'.
Inserting `luaotfload.define_font' in `define_font'.
Lua-only attribute luaotfload_color_attribute = 2
luaotfload | conf : Root cache directory is "C:/Users/Usuário 1/AppData/Local/M
iKTeX/luatex-cache/generic/names".
Inserting `luaotfload.harf.strip_prefix' in `find_opentype_file'.
Inserting `luaotfload.harf.strip_prefix' in `find_truetype_file'.
Removing  `luaotfload.glyph_stream' from `glyph_stream_provider'.
Inserting `luaotfload.harf.glyphstream' in `glyph_stream_provider'.
Inserting `luaotfload.harf.finalize_vlist' in `post_linebreak_filter'.
Inserting `luaotfload.harf.finalize_hlist' in `hpack_filter'.
Inserting `luaotfload.cleanup_files' in `wrapup_run'.
Inserting `luaotfload.harf.finalize_unicode' in `finish_pdffile'.
Inserting `luaotfload.glyphinfo' in `glyph_info'.
Lua-only attribute luaotfload.letterspace_done = 3
Inserting `luaotfload.aux.set_sscale_dimens' in `luaotfload.patch_font'.
Inserting `luaotfload.aux.set_font_index' in `luaotfload.patch_font'.
Inserting `luaotfload.aux.patch_cambria_domh' in `luaotfload.patch_font'.
Inserting `luaotfload.aux.fixup_fontdata' in `luaotfload.patch_font_unsafe'.
Inserting `luaotfload.aux.set_capheight' in `luaotfload.patch_font'.
Inserting `luaotfload.aux.set_xheight' in `luaotfload.patch_font'.
Inserting `luaotfload.rewrite_fontname' in `luaotfload.patch_font'.
Inserting `tracingstacklevels' in `input_level_string'. ("C:/Users/Usuário 1/A
ppData/Local/Programs/MiKTeX/tex/latex/base/article.cls"
Document Class: article 2025/01/22 v1.4n Standard LaTeX document class
("C:/Users/Usuário 1/AppData/Local/Programs/MiKTeX/tex/latex/base/size10.clo"
File: size10.clo 2025/01/22 v1.4n Standard LaTeX file (size option)
luaotfload | db : Font names database loaded from C:/Users/Usuário 1/AppData/Lo
cal/MiKTeX/luatex-cache/generic/names/luaotfload-names.luc.gz)
\c@part=\count273
\c@section=\count274
\c@subsection=\count275
\c@subsubsection=\count276
\c@paragraph=\count277
\c@subparagraph=\count278
\c@figure=\count279
\c@table=\count280
\abovecaptionskip=\skip49
\belowcaptionskip=\skip50
\bibindent=\dimen147
)
("C:/Users/Usuário 1/AppData/Local/Programs/MiKTeX/tex/latex/geometry/geometry
.sty"
Package: geometry 2026/03/07 v6.0 Page Geometry

("C:/Users/Usuário 1/AppData/Local/Programs/MiKTeX/tex/latex/graphics/keyval.s
ty"
Package: keyval 2022/05/29 v1.15 key=value parser (DPC)
\KV@toks@=\toks17
)
("C:/Users/Usuário 1/AppData/Local/Programs/MiKTeX/tex/generic/iftex/ifvtex.st
y"
Package: ifvtex 2019/10/25 v1.7 ifvtex legacy package. Use iftex instead.

("C:/Users/Usuário 1/AppData/Local/Programs/MiKTeX/tex/generic/iftex/iftex.sty
"
Package: iftex 2024/12/12 v1.0g TeX engine tests
))
\Gm@cnth=\count281
\Gm@cntv=\count282
\c@Gm@tempcnt=\count283
\Gm@bindingoffset=\dimen148
\Gm@wd@mp=\dimen149
\Gm@odd@mp=\dimen150
\Gm@even@mp=\dimen151
\Gm@layoutwidth=\dimen152
\Gm@layoutheight=\dimen153
\Gm@layouthoffset=\dimen154
\Gm@layoutvoffset=\dimen155
\Gm@dimlist=\toks18

("C:/Users/Usuário 1/AppData/Local/Programs/MiKTeX/tex/latex/geometry/geometry
.cfg"))
("C:/Users/Usuário 1/AppData/Local/Programs/MiKTeX/tex/latex/fontspec/fontspec
.sty"
("C:/Users/Usuário 1/AppData/Local/Programs/MiKTeX/tex/latex/l3packages/xparse
/xparse.sty"
("C:/Users/Usuário 1/AppData/Local/Programs/MiKTeX/tex/latex/l3kernel/expl3.st
y"
Package: expl3 2026-01-19 L3 programming layer (loader) 

("C:/Users/Usuário 1/AppData/Local/Programs/MiKTeX/tex/latex/l3backend/l3backe
nd-luatex.def"
File: l3backend-luatex.def 2025-10-09 L3 backend support: PDF output (LuaTeX)
\l__color_backend_stack_int=\count284
Inserting `l3color' in `luaotfload.parse_color'.))
Package: xparse 2025-10-09 L3 Experimental document command parser
)
Package: fontspec 2025/09/29 v2.9g Font selection for XeLaTeX and LuaLaTeX
Lua module: fontspec 2025/09/29 v2.9g Font selection for XeLaTeX and LuaLaTeX
("C:/Users/Usuário 1/AppData/Local/Programs/MiKTeX/tex/latex/fontspec/fontspec
-luatex.sty"
Package: fontspec-luatex 2025/09/29 v2.9g Font selection for XeLaTeX and LuaLaT
eX
\l__fontspec_script_int=\count285
\l__fontspec_language_int=\count286
\l__fontspec_strnum_int=\count287
\l__fontspec_tmp_int=\count288
\l__fontspec_tmpa_int=\count289
\l__fontspec_tmpb_int=\count290
\l__fontspec_tmpc_int=\count291
\l__fontspec_em_int=\count292
\l__fontspec_emdef_int=\count293
\l__fontspec_strong_int=\count294
\l__fontspec_strongdef_int=\count295
\l__fontspec_tmpa_dim=\dimen156
\l__fontspec_tmpb_dim=\dimen157
\l__fontspec_tmpc_dim=\dimen158

("C:/Users/Usuário 1/AppData/Local/Programs/MiKTeX/tex/latex/base/fontenc.sty"
Package: fontenc 2025/07/18 v2.1d Standard LaTeX package
)
("C:/Users/Usuário 1/AppData/Local/Programs/MiKTeX/tex/latex/fontspec/fontspec
.cfg")))
luaotfload | cache : Lookup cache loaded from C:/Users/Usuário 1/AppData/Local/
MiKTeX/luatex-cache/generic/names/luaotfload-lookup-cache.luc.

Package fontspec Info: 
(fontspec)             Font family 'Georgia(0)' created for font 'Georgia'
(fontspec)             with options [Ligatures=TeX].
(fontspec)              
(fontspec)              This font family consists of the following NFSS
(fontspec)             series/shapes:
(fontspec)              
(fontspec)             - 'normal' (m/n) with NFSS spec.:
(fontspec)             <->"name:Georgia:mode=node;script=latn;language=dflt;+tl
ig;"
(fontspec)             - 'small caps'  (m/sc) with NFSS spec.:
(fontspec)             <->"name:Georgia:mode=node;script=latn;language=dflt;+tl
ig;+smcp;"
(fontspec)             - 'bold' (b/n) with NFSS spec.:
(fontspec)             <->"name:Georgia/B:mode=node;script=latn;language=dflt;+
tlig;"
(fontspec)             - 'bold small caps'  (b/sc) with NFSS spec.:
(fontspec)             <->"name:Georgia/B:mode=node;script=latn;language=dflt;+
tlig;+smcp;"
(fontspec)             - 'italic' (m/it) with NFSS spec.:
(fontspec)             <->"name:Georgia/I:mode=node;script=latn;language=dflt;+
tlig;"
(fontspec)             - 'italic small caps'  (m/scit) with NFSS spec.:
(fontspec)             <->"name:Georgia/I:mode=node;script=latn;language=dflt;+
tlig;+smcp;"
(fontspec)             - 'bold italic' (b/it) with NFSS spec.:
(fontspec)             <->"name:Georgia/BI:mode=node;script=latn;language=dflt;
+tlig;"
(fontspec)             - 'bold italic small caps'  (b/scit) with NFSS spec.:
(fontspec)             <->"name:Georgia/BI:mode=node;script=latn;language=dflt;
+tlig;+smcp;"


("C:/Users/Usuário 1/AppData/Local/Programs/MiKTeX/tex/latex/graphics/graphicx
.sty"
Package: graphicx 2024/12/31 v1.2e Enhanced LaTeX Graphics (DPC,SPQR)

("C:/Users/Usuário 1/AppData/Local/Programs/MiKTeX/tex/latex/graphics/graphics
.sty"
Package: graphics 2024/08/06 v1.4g Standard LaTeX Graphics (DPC,SPQR)

("C:/Users/Usuário 1/AppData/Local/Programs/MiKTeX/tex/latex/graphics/trig.sty
"
Package: trig 2023/12/02 v1.11 sin cos tan (DPC)
)
("C:/Users/Usuário 1/AppData/Local/Programs/MiKTeX/tex/latex/graphics-cfg/grap
hics.cfg"
File: graphics.cfg 2016/06/04 v1.11 sample graphics configuration
)
Package graphics Info: Driver file: luatex.def on input line 106.

("C:/Users/Usuário 1/AppData/Local/Programs/MiKTeX/tex/latex/graphics-def/luat
ex.def"
File: luatex.def 2025/09/29 v1.2f Graphics/color driver for luatex
))
\Gin@req@height=\dimen159
\Gin@req@width=\dimen160
)
("C:/Users/Usuário 1/AppData/Local/Programs/MiKTeX/tex/latex/eso-pic/eso-pic.s
ty"
Package: eso-pic 2025/12/10 v3.0d eso-pic (RN)
\ESO@tempdima=\dimen161
\ESO@tempdimb=\dimen162

("C:/Users/Usuário 1/AppData/Local/Programs/MiKTeX/tex/latex/xcolor/xcolor.sty
"
Package: xcolor 2024/09/29 v3.02 LaTeX color extensions (UK)

("C:/Users/Usuário 1/AppData/Local/Programs/MiKTeX/tex/latex/graphics-cfg/colo
r.cfg"
File: color.cfg 2016/01/02 v1.6 sample color configuration
)
Package xcolor Info: Driver file: luatex.def on input line 274.

("C:/Users/Usuário 1/AppData/Local/Programs/MiKTeX/tex/latex/graphics/mathcolo
r.ltx")
Package xcolor Info: Model `cmy' substituted by `cmy0' on input line 1349.
Package xcolor Info: Model `hsb' substituted by `rgb' on input line 1353.
Package xcolor Info: Model `RGB' extended on input line 1365.
Package xcolor Info: Model `HTML' substituted by `rgb' on input line 1367.
Package xcolor Info: Model `Hsb' substituted by `hsb' on input line 1368.
Package xcolor Info: Model `tHsb' substituted by `hsb' on input line 1369.
Package xcolor Info: Model `HSB' substituted by `hsb' on input line 1370.
Package xcolor Info: Model `Gray' substituted by `gray' on input line 1371.
Package xcolor Info: Model `wave' substituted by `hsb' on input line 1372.
))
("C:/Users/Usuário 1/AppData/Local/Programs/MiKTeX/tex/latex/hyperref/hyperref
.sty"
Package: hyperref 2026-01-29 v7.01p Hypertext links for LaTeX

("C:/Users/Usuário 1/AppData/Local/Programs/MiKTeX/tex/latex/kvsetkeys/kvsetke
ys.sty"
Package: kvsetkeys 2022-10-05 v1.19 Key value parser (HO)
)
("C:/Users/Usuário 1/AppData/Local/Programs/MiKTeX/tex/generic/kvdefinekeys/kv
definekeys.sty"
Package: kvdefinekeys 2019-12-19 v1.6 Define keys (HO)
)
("C:/Users/Usuário 1/AppData/Local/Programs/MiKTeX/tex/generic/pdfescape/pdfes
cape.sty"
Package: pdfescape 2019/12/09 v1.15 Implements pdfTeX's escape features (HO)

("C:/Users/Usuário 1/AppData/Local/Programs/MiKTeX/tex/generic/ltxcmds/ltxcmds
.sty"
Package: ltxcmds 2023-12-04 v1.26 LaTeX kernel commands for general use (HO)
)
("C:/Users/Usuário 1/AppData/Local/Programs/MiKTeX/tex/generic/pdftexcmds/pdft
excmds.sty"
Package: pdftexcmds 2020-06-27 v0.33 Utility functions of pdfTeX for LuaTeX (HO
)

("C:/Users/Usuário 1/AppData/Local/Programs/MiKTeX/tex/generic/infwarerr/infwa
rerr.sty"
Package: infwarerr 2019/12/03 v1.5 Providing info/warning/error messages (HO)
)
Package pdftexcmds Info: \pdf@primitive is available.
Package pdftexcmds Info: \pdf@ifprimitive is available.
Package pdftexcmds Info: \pdfdraftmode found.
\pdftexcmds@toks=\toks19
))
("C:/Users/Usuário 1/AppData/Local/Programs/MiKTeX/tex/latex/hycolor/hycolor.s
ty"
Package: hycolor 2020-01-27 v1.10 Color options for hyperref/bookmark (HO)
)
("C:/Users/Usuário 1/AppData/Local/Programs/MiKTeX/tex/latex/hyperref/nameref.
sty"
Package: nameref 2026-01-29 v2.58 Cross-referencing by name of section

("C:/Users/Usuário 1/AppData/Local/Programs/MiKTeX/tex/latex/refcount/refcount
.sty"
Package: refcount 2019/12/15 v3.6 Data extraction from label references (HO)
)
("C:/Users/Usuário 1/AppData/Local/Programs/MiKTeX/tex/generic/gettitlestring/
gettitlestring.sty"
Package: gettitlestring 2019/12/15 v1.6 Cleanup title references (HO)

("C:/Users/Usuário 1/AppData/Local/Programs/MiKTeX/tex/latex/kvoptions/kvoptio
ns.sty"
Package: kvoptions 2022-06-15 v3.15 Key value format for package options (HO)
))
\c@section@level=\count296
)
("C:/Users/Usuário 1/AppData/Local/Programs/MiKTeX/tex/latex/etoolbox/etoolbox
.sty"
Package: etoolbox 2025/10/02 v2.5m e-TeX tools for LaTeX (JAW)
\etb@tempcnta=\count297
)
("C:/Users/Usuário 1/AppData/Local/Programs/MiKTeX/tex/generic/stringenc/strin
genc.sty"
Package: stringenc 2019/11/29 v1.12 Convert strings between diff. encodings (HO
)
)
\@linkdim=\dimen163
\Hy@linkcounter=\count298
\Hy@pagecounter=\count299

("C:/Users/Usuário 1/AppData/Local/Programs/MiKTeX/tex/latex/hyperref/pd1enc.d
ef"
File: pd1enc.def 2026-01-29 v7.01p Hyperref: PDFDocEncoding definition (HO)
)
("C:/Users/Usuário 1/AppData/Local/Programs/MiKTeX/tex/generic/intcalc/intcalc
.sty"
Package: intcalc 2019/12/15 v1.3 Expandable calculations with integers (HO)
)
\Hy@SavedSpaceFactor=\count300

("C:/Users/Usuário 1/AppData/Local/Programs/MiKTeX/tex/latex/hyperref/puenc.de
f"
File: puenc.def 2026-01-29 v7.01p Hyperref: PDF Unicode definition (HO)
)
Package hyperref Info: Hyper figures OFF on input line 4201.
Package hyperref Info: Link nesting OFF on input line 4206.
Package hyperref Info: Hyper index ON on input line 4209.
Package hyperref Info: Plain pages OFF on input line 4216.
Package hyperref Info: Backreferencing OFF on input line 4221.
Package hyperref Info: Implicit mode ON; LaTeX internals redefined.
Package hyperref Info: Bookmarks ON on input line 4468.
\c@Hy@tempcnt=\count301
 ("C:/Users/Usuário 1/AppData/Local/Programs/MiKTeX/tex/latex/url/url.sty"
\Urlmuskip=\muskip17
Package: url 2013/09/16  ver 3.4  Verb mode for urls, etc.
)
LaTeX Info: Redefining \url on input line 4807.
\XeTeXLinkMargin=\dimen164

("C:/Users/Usuário 1/AppData/Local/Programs/MiKTeX/tex/generic/bitset/bitset.s
ty"
Package: bitset 2019/12/09 v1.3 Handle bit-vector datatype (HO)

("C:/Users/Usuário 1/AppData/Local/Programs/MiKTeX/tex/generic/bigintcalc/bigi
ntcalc.sty"
Package: bigintcalc 2019/12/15 v1.5 Expandable calculations on big integers (HO
)
))
\Fld@menulength=\count302
\Field@Width=\dimen165
\Fld@charsize=\dimen166
Package hyperref Info: Hyper figures OFF on input line 6084.
Package hyperref Info: Link nesting OFF on input line 6089.
Package hyperref Info: Hyper index ON on input line 6092.
Package hyperref Info: backreferencing OFF on input line 6099.
Package hyperref Info: Link coloring OFF on input line 6104.
Package hyperref Info: Link coloring with OCG OFF on input line 6109.
Package hyperref Info: PDF/A mode OFF on input line 6114.
\Hy@abspage=\count303
\c@Item=\count304
\c@Hfootnote=\count305
)
Package hyperref Info: Driver (autodetected): hluatex.

("C:/Users/Usuário 1/AppData/Local/Programs/MiKTeX/tex/latex/hyperref/hluatex.
def"
File: hluatex.def 2026-01-29 v7.01p Hyperref driver for luaTeX
\Fld@listcount=\count306
\c@bookmark@seq@number=\count307

("C:/Users/Usuário 1/AppData/Local/Programs/MiKTeX/tex/latex/rerunfilecheck/re
runfilecheck.sty"
Package: rerunfilecheck 2025-06-21 v1.11 Rerun checks for auxiliary files (HO)

("C:/Users/Usuário 1/AppData/Local/Programs/MiKTeX/tex/generic/uniquecounter/u
niquecounter.sty"
Package: uniquecounter 2019/12/15 v1.4 Provide unlimited unique counter (HO)
)
Package uniquecounter Info: New unique counter `rerunfilecheck' on input line 2
84.
)
\Hy@SectionHShift=\skip51
)
No file RUDA.aux.

\openout1 = RUDA.aux
LaTeX Font Info:    Checking defaults for OML/cmm/m/it on input line 79.
LaTeX Font Info:    ... okay on input line 79.
LaTeX Font Info:    Checking defaults for OMS/cmsy/m/n on input line 79.
LaTeX Font Info:    ... okay on input line 79.
LaTeX Font Info:    Checking defaults for OT1/cmr/m/n on input line 79.
LaTeX Font Info:    ... okay on input line 79.
LaTeX Font Info:    Checking defaults for T1/cmr/m/n on input line 79.
LaTeX Font Info:    ... okay on input line 79.
LaTeX Font Info:    Checking defaults for TS1/cmr/m/n on input line 79.
LaTeX Font Info:    ... okay on input line 79.
LaTeX Font Info:    Checking defaults for TU/lmr/m/n on input line 79.
LaTeX Font Info:    ... okay on input line 79.
LaTeX Font Info:    Checking defaults for OMX/cmex/m/n on input line 79.
LaTeX Font Info:    ... okay on input line 79.
LaTeX Font Info:    Checking defaults for U/cmr/m/n on input line 79.
LaTeX Font Info:    ... okay on input line 79.
LaTeX Font Info:    Checking defaults for PD1/pdf/m/n on input line 79.
LaTeX Font Info:    ... okay on input line 79.
LaTeX Font Info:    Checking defaults for PU/pdf/m/n on input line 79.
LaTeX Font Info:    ... okay on input line 79.
*geometry* driver: auto-detecting
*geometry* detected driver: luatex
*geometry* verbose mode - [ preamble ] result:
* driver: luatex
* paper: <default>
* layout: <same size as paper>
* layoutoffset:(h,v)=(0.0pt,0.0pt)
* modes: 
* h-part:(L,W,R)=(85.35826pt, 443.57848pt, 85.35826pt)
* v-part:(T,H,B)=(113.81102pt, 595.8007pt, 85.35826pt)
* \paperwidth=614.295pt
* \paperheight=794.96999pt
* \textwidth=443.57848pt
* \textheight=595.8007pt
* \oddsidemargin=13.08827pt
* \evensidemargin=13.08827pt
* \topmargin=4.54103pt
* \headheight=12.0pt
* \headsep=25.0pt
* \topskip=10.0pt
* \footskip=30.0pt
* \marginparwidth=65.0pt
* \marginparsep=11.0pt
* \columnsep=10.0pt
* \skip\footins=9.0pt plus 4.0pt minus 2.0pt
* \hoffset=0.0pt
* \voffset=0.0pt
* \mag=1000
* \@twocolumnfalse
* \@twosidefalse
* \@mparswitchfalse
* \@reversemarginfalse
* (1in=72.27pt=25.4mm, 1cm=28.453pt)


Package fontspec Info: 
(fontspec)             Adjusting the maths setup (use [no-math] to avoid
(fontspec)             this).

\symlegacymaths=\mathgroup4
LaTeX Font Info:    Overwriting symbol font `legacymaths' in version `bold'
(Font)                  OT1/cmr/m/n --> OT1/cmr/bx/n on input line 79.
LaTeX Font Info:    Redeclaring math accent \acute on input line 79.
LaTeX Font Info:    Redeclaring math accent \grave on input line 79.
LaTeX Font Info:    Redeclaring math accent \ddot on input line 79.
LaTeX Font Info:    Redeclaring math accent \tilde on input line 79.
LaTeX Font Info:    Redeclaring math accent \bar on input line 79.
LaTeX Font Info:    Redeclaring math accent \breve on input line 79.
LaTeX Font Info:    Redeclaring math accent \check on input line 79.
LaTeX Font Info:    Redeclaring math accent \hat on input line 79.
LaTeX Font Info:    Redeclaring math accent \dot on input line 79.
LaTeX Font Info:    Redeclaring math accent \mathring on input line 79.
LaTeX Font Info:    Redeclaring math symbol \colon on input line 79.
LaTeX Font Info:    Redeclaring math symbol \Gamma on input line 79.
LaTeX Font Info:    Redeclaring math symbol \Delta on input line 79.
LaTeX Font Info:    Redeclaring math symbol \Theta on input line 79.
LaTeX Font Info:    Redeclaring math symbol \Lambda on input line 79.
LaTeX Font Info:    Redeclaring math symbol \Xi on input line 79.
LaTeX Font Info:    Redeclaring math symbol \Pi on input line 79.
LaTeX Font Info:    Redeclaring math symbol \Sigma on input line 79.
LaTeX Font Info:    Redeclaring math symbol \Upsilon on input line 79.
LaTeX Font Info:    Redeclaring math symbol \Phi on input line 79.
LaTeX Font Info:    Redeclaring math symbol \Psi on input line 79.
LaTeX Font Info:    Redeclaring math symbol \Omega on input line 79.
LaTeX Font Info:    Redeclaring math symbol \mathdollar on input line 79.
LaTeX Font Info:    Redeclaring symbol font `operators' on input line 79.
LaTeX Font Info:    Encoding `OT1' has changed to `TU' for symbol font
(Font)              `operators' in the math version `normal' on input line 79.
LaTeX Font Info:    Overwriting symbol font `operators' in version `normal'
(Font)                  OT1/cmr/m/n --> TU/Georgia(0)/m/n on input line 79.
LaTeX Font Info:    Encoding `OT1' has changed to `TU' for symbol font
(Font)              `operators' in the math version `bold' on input line 79.
LaTeX Font Info:    Overwriting symbol font `operators' in version `bold'
(Font)                  OT1/cmr/bx/n --> TU/Georgia(0)/m/n on input line 79.
LaTeX Font Info:    Overwriting symbol font `operators' in version `normal'
(Font)                  TU/Georgia(0)/m/n --> TU/Georgia(0)/m/n on input line 7
9.
LaTeX Font Info:    Overwriting math alphabet `\mathit' in version `normal'
(Font)                  OT1/cmr/m/it --> TU/Georgia(0)/m/it on input line 79.
LaTeX Font Info:    Overwriting math alphabet `\mathbf' in version `normal'
(Font)                  OT1/cmr/bx/n --> TU/Georgia(0)/b/n on input line 79.
LaTeX Font Info:    Overwriting math alphabet `\mathsf' in version `normal'
(Font)                  OT1/cmss/m/n --> TU/lmss/m/n on input line 79.
LaTeX Font Info:    Overwriting math alphabet `\mathtt' in version `normal'
(Font)                  OT1/cmtt/m/n --> TU/lmtt/m/n on input line 79.
LaTeX Font Info:    Overwriting symbol font `operators' in version `bold'
(Font)                  TU/Georgia(0)/m/n --> TU/Georgia(0)/b/n on input line 7
9.
LaTeX Font Info:    Overwriting math alphabet `\mathit' in version `bold'
(Font)                  OT1/cmr/bx/it --> TU/Georgia(0)/b/it on input line 79.
LaTeX Font Info:    Overwriting math alphabet `\mathsf' in version `bold'
(Font)                  OT1/cmss/bx/n --> TU/lmss/b/n on input line 79.
LaTeX Font Info:    Overwriting math alphabet `\mathtt' in version `bold'
(Font)                  OT1/cmtt/m/n --> TU/lmtt/b/n on input line 79.

("C:/Users/Usuário 1/AppData/Local/Programs/MiKTeX/tex/context/base/mkii/supp-
pdf.mkii"
[Loading MPS to PDF converter (version 2006.09.02).]
\scratchcounter=\count308
\scratchdimen=\dimen167
\scratchbox=\box53
\nofMPsegments=\count309
\nofMParguments=\count310
\everyMPshowfont=\toks20
\MPscratchCnt=\count311
\MPscratchDim=\dimen168
\MPnumerator=\count312
\makeMPintoPDFobject=\count313
\everyMPtoPDFconversion=\toks21
)
("C:/Users/Usuário 1/AppData/Local/Programs/MiKTeX/tex/latex/epstopdf-pkg/epst
opdf-base.sty"
Package: epstopdf-base 2020-01-24 v2.11 Base part for package epstopdf
Package epstopdf-base Info: Redefining graphics rule for `.eps' on input line 4
85.

("C:/Users/Usuário 1/AppData/Local/Programs/MiKTeX/tex/latex/00miktex/epstopdf
-sys.cfg"
File: epstopdf-sys.cfg 2021/03/18 v2.0 Configuration of epstopdf for MiKTeX
))
Package hyperref Info: Link coloring OFF on input line 79.
\@outlinefile=\write3

\openout3 = RUDA.out
<Ruda_Header.png, id=3, 483.30562pt x 74.52844pt>
File: Ruda_Header.png Graphic file (type png)
<use Ruda_Header.png>
Package luatex.def Info: Ruda_Header.png  used on input line 83.
(luatex.def)             Requested size: 491.43787pt x 75.786pt.
 [1

{C:/Users/Usuário 1/AppData/Local/MiKTeX/fonts/map/pdftex/pdftex.map}<./Ruda_He
ader.png>] (./RUDA.aux)
 ***********
LaTeX2e <2025-11-01>
L3 programming layer <2026-01-19>
 ***********


Package rerunfilecheck Warning: File `RUDA.out' has changed.
(rerunfilecheck)                Rerun to get outlines right
(rerunfilecheck)                or use package `bookmark'.

Package rerunfilecheck Info: Checksums for `RUDA.out':
(rerunfilecheck)             Before: <no file>
(rerunfilecheck)             After:  D41D8CD98F00B204E9800998ECF8427E;0.
)

Here is how much of LuaTeX's memory you used:
 11988 strings out of 476076
 100000,794899 words of node,token memory allocated
 411 words of node memory still in use:
   3 hlist, 1 vlist, 1 rule, 2 glue, 3 kern, 1 glyph, 4 attribute, 49 glue_spec,
 4 attribute_list, 1 write nodes
   avail lists: 2:80,3:21,4:15,5:63,6:3,7:124,9:105
 34285 multiletter control sequences out of 65536+600000
 27 fonts using 2388391 bytes
 73i,12n,92p,229b,337s stack positions out of 10000i,1000n,20000p,200000b,200000s
<C:/WINDOWS/Fonts/georgia.ttf>
Output written on RUDA.pdf (1 page, 45238 bytes).

PDF statistics: 20 PDF objects out of 1000 (max. 8388607)
 2 named destinations out of 1000 (max. 1048576)
 1 words of extra memory for PDF output out of 10000 (max. 100000000)

