This is LuaHBTeX, Version 1.24.0 (MiKTeX 25.12 Portable) (format=lualatex 2026.9.10)  10 SEP 2026 13:59
 restricted system commands enabled.
**"C:/Users/Usuário 1/Documents/Inovve_Automação/DOCUMENTAIZER 4.0/SAIDA/BRE
JO DO CRUZ - SUMARIO.tex"

("C:/Users/Usuário 1/Documents/Inovve_Automação/DOCUMENTAIZER 4.0/SAIDA/BREJ
O DO CRUZ - SUMARIO.tex"
LaTeX2e <2025-11-01>
L3 programming layer <2025-12-24>
Lua module: luaotfload 2024-12-03 v3.29 Lua based OpenType font support
Lua module: lualibs 2023-07-13 v2.76 ConTeXt Lua standard libraries.
Lua module: lualibs-extended 2023-07-13 v2.76 ConTeXt Lua libraries -- extended 
collection.
luaotfload | conf : Root cache directory is "C:/Users/Usuário 1/Documents/Inovv
e_Automação/DOCUMENTAIZER 4.0/miktex/texmfs/data/luatex-cache/generic/names".
luaotfload | init : Loading fontloader "fontloader-2023-12-28.lua" from kpse-res
olved path "C:/Users/Usuário 1/Documents/Inovve_Automação/DOCUMENTAIZER 4.0/m
iktex/texmfs/install/tex/luatex/luaotfload/fontloader-2023-12-28.lua".
Lua-only attribute luaotfload@noligature = 1
luaotfload | init : Context OpenType loader version 3.134
Inserting `luaotfload.node_processor' in `pre_linebreak_filter'.
Inserting `luaotfload.node_processor' in `hpack_filter'.
Inserting `luaotfload.glyph_stream' in `glyph_stream_provider'.
Inserting `luaotfload.define_font' in `define_font'.
Lua-only attribute luaotfload_color_attribute = 2
luaotfload | conf : Root cache directory is "C:/Users/Usuário 1/Documents/Inovv
e_Automação/DOCUMENTAIZER 4.0/miktex/texmfs/data/luatex-cache/generic/names".
Inserting `luaotfload.harf.strip_prefix' in `find_opentype_file'.
Inserting `luaotfload.harf.strip_prefix' in `find_truetype_file'.
Removing  `luaotfload.glyph_stream' from `glyph_stream_provider'.
Inserting `luaotfload.harf.glyphstream' in `glyph_stream_provider'.
Inserting `luaotfload.harf.finalize_vlist' in `post_linebreak_filter'.
Inserting `luaotfload.harf.finalize_hlist' in `hpack_filter'.
Inserting `luaotfload.cleanup_files' in `wrapup_run'.
Inserting `luaotfload.harf.finalize_unicode' in `finish_pdffile'.
Inserting `luaotfload.glyphinfo' in `glyph_info'.
Lua-only attribute luaotfload.letterspace_done = 3
Inserting `luaotfload.aux.set_sscale_dimens' in `luaotfload.patch_font'.
Inserting `luaotfload.aux.set_font_index' in `luaotfload.patch_font'.
Inserting `luaotfload.aux.patch_cambria_domh' in `luaotfload.patch_font'.
Inserting `luaotfload.aux.fixup_fontdata' in `luaotfload.patch_font_unsafe'.
Inserting `luaotfload.aux.set_capheight' in `luaotfload.patch_font'.
Inserting `luaotfload.aux.set_xheight' in `luaotfload.patch_font'.
Inserting `luaotfload.rewrite_fontname' in `luaotfload.patch_font'.
Inserting `tracingstacklevels' in `input_level_string'.
("C:/Users/Usuário 1/Documents/Inovve_Automação/DOCUMENTAIZER 4.0/miktex/tex
mfs/install/tex/latex/base/article.cls"
Document Class: article 2025/01/22 v1.4n Standard LaTeX document class

("C:/Users/Usuário 1/Documents/Inovve_Automação/DOCUMENTAIZER 4.0/miktex/tex
mfs/install/tex/latex/base/size10.clo"
File: size10.clo 2025/01/22 v1.4n Standard LaTeX file (size option)
luaotfload | db : Font names database not found, generating new one.
luaotfload | db : This can take several minutes; please be patient.)
\c@part=\count273
\c@section=\count274
\c@subsection=\count275
\c@subsubsection=\count276
\c@paragraph=\count277
\c@subparagraph=\count278
\c@figure=\count279
\c@table=\count280
\abovecaptionskip=\skip49
\belowcaptionskip=\skip50
\bibindent=\dimen147
)
("C:/Users/Usuário 1/Documents/Inovve_Automação/DOCUMENTAIZER 4.0/miktex/tex
mfs/install/tex/latex/geometry/geometry.sty"
Package: geometry 2026/03/07 v6.0 Page Geometry

("C:/Users/Usuário 1/Documents/Inovve_Automação/DOCUMENTAIZER 4.0/miktex/tex
mfs/install/tex/latex/graphics/keyval.sty"
Package: keyval 2022/05/29 v1.15 key=value parser (DPC)
\KV@toks@=\toks17
)
("C:/Users/Usuário 1/Documents/Inovve_Automação/DOCUMENTAIZER 4.0/miktex/tex
mfs/install/tex/generic/iftex/ifvtex.sty"
Package: ifvtex 2019/10/25 v1.7 ifvtex legacy package. Use iftex instead.

("C:/Users/Usuário 1/Documents/Inovve_Automação/DOCUMENTAIZER 4.0/miktex/tex
mfs/install/tex/generic/iftex/iftex.sty"
Package: iftex 2024/12/12 v1.0g TeX engine tests
))
\Gm@cnth=\count281
\Gm@cntv=\count282
\c@Gm@tempcnt=\count283
\Gm@bindingoffset=\dimen148
\Gm@wd@mp=\dimen149
\Gm@odd@mp=\dimen150
\Gm@even@mp=\dimen151
\Gm@layoutwidth=\dimen152
\Gm@layoutheight=\dimen153
\Gm@layouthoffset=\dimen154
\Gm@layoutvoffset=\dimen155
\Gm@dimlist=\toks18

("C:/Users/Usuário 1/Documents/Inovve_Automação/DOCUMENTAIZER 4.0/miktex/tex
mfs/install/tex/latex/geometry/geometry.cfg"))
("C:/Users/Usuário 1/Documents/Inovve_Automação/DOCUMENTAIZER 4.0/miktex/tex
mfs/install/tex/latex/fontspec/fontspec.sty"
("C:/Users/Usuário 1/Documents/Inovve_Automação/DOCUMENTAIZER 4.0/miktex/tex
mfs/install/tex/latex/l3packages/xparse/xparse.sty"
("C:/Users/Usuário 1/Documents/Inovve_Automação/DOCUMENTAIZER 4.0/miktex/tex
mfs/install/tex/latex/l3kernel/expl3.sty"
Package: expl3 2025-12-24 L3 programming layer (loader) 

("C:/Users/Usuário 1/Documents/Inovve_Automação/DOCUMENTAIZER 4.0/miktex/tex
mfs/install/tex/latex/l3backend/l3backend-luatex.def"
File: l3backend-luatex.def 2025-10-09 L3 backend support: PDF output (LuaTeX)
\l__color_backend_stack_int=\count284
Inserting `l3color' in `luaotfload.parse_color'.))
Package: xparse 2025-10-09 L3 Experimental document command parser
)
Package: fontspec 2025/09/29 v2.9g Font selection for XeLaTeX and LuaLaTeX
Lua module: fontspec 2025/09/29 v2.9g Font selection for XeLaTeX and LuaLaTeX
("C:/Users/Usuário 1/Documents/Inovve_Automação/DOCUMENTAIZER 4.0/miktex/tex
mfs/install/tex/latex/fontspec/fontspec-luatex.sty"
Package: fontspec-luatex 2025/09/29 v2.9g Font selection for XeLaTeX and LuaLaT
eX
\l__fontspec_script_int=\count285
\l__fontspec_language_int=\count286
\l__fontspec_strnum_int=\count287
\l__fontspec_tmp_int=\count288
\l__fontspec_tmpa_int=\count289
\l__fontspec_tmpb_int=\count290
\l__fontspec_tmpc_int=\count291
\l__fontspec_em_int=\count292
\l__fontspec_emdef_int=\count293
\l__fontspec_strong_int=\count294
\l__fontspec_strongdef_int=\count295
\l__fontspec_tmpa_dim=\dimen156
\l__fontspec_tmpb_dim=\dimen157
\l__fontspec_tmpc_dim=\dimen158

("C:/Users/Usuário 1/Documents/Inovve_Automação/DOCUMENTAIZER 4.0/miktex/tex
mfs/install/tex/latex/base/fontenc.sty"
Package: fontenc 2025/07/18 v2.1d Standard LaTeX package
)
("C:/Users/Usuário 1/Documents/Inovve_Automação/DOCUMENTAIZER 4.0/miktex/tex
mfs/install/tex/latex/fontspec/fontspec.cfg")))

Package fontspec Info: 
(fontspec)             Font family 'Georgia(0)' created for font 'Georgia'
(fontspec)             with options [Ligatures=TeX].
(fontspec)              
(fontspec)              This font family consists of the following NFSS
(fontspec)             series/shapes:
(fontspec)              
(fontspec)             - 'normal' (m/n) with NFSS spec.:
(fontspec)             <->"name:Georgia:mode=node;script=latn;language=dflt;+tl
ig;"
(fontspec)             - 'small caps'  (m/sc) with NFSS spec.:
(fontspec)             <->"name:Georgia:mode=node;script=latn;language=dflt;+tl
ig;+smcp;"
(fontspec)             - 'bold' (b/n) with NFSS spec.:
(fontspec)             <->"name:Georgia/B:mode=node;script=latn;language=dflt;+
tlig;"
(fontspec)             - 'bold small caps'  (b/sc) with NFSS spec.:
(fontspec)             <->"name:Georgia/B:mode=node;script=latn;language=dflt;+
tlig;+smcp;"
(fontspec)             - 'italic' (m/it) with NFSS spec.:
(fontspec)             <->"name:Georgia/I:mode=node;script=latn;language=dflt;+
tlig;"
(fontspec)             - 'italic small caps'  (m/scit) with NFSS spec.:
(fontspec)             <->"name:Georgia/I:mode=node;script=latn;language=dflt;+
tlig;+smcp;"
(fontspec)             - 'bold italic' (b/it) with NFSS spec.:
(fontspec)             <->"name:Georgia/BI:mode=node;script=latn;language=dflt;
+tlig;"
(fontspec)             - 'bold italic small caps'  (b/scit) with NFSS spec.:
(fontspec)             <->"name:Georgia/BI:mode=node;script=latn;language=dflt;
+tlig;+smcp;"


("C:/Users/Usuário 1/Documents/Inovve_Automação/DOCUMENTAIZER 4.0/miktex/tex
mfs/install/tex/latex/graphics/graphicx.sty"
Package: graphicx 2024/12/31 v1.2e Enhanced LaTeX Graphics (DPC,SPQR)

("C:/Users/Usuário 1/Documents/Inovve_Automação/DOCUMENTAIZER 4.0/miktex/tex
mfs/install/tex/latex/graphics/graphics.sty"
Package: graphics 2024/08/06 v1.4g Standard LaTeX Graphics (DPC,SPQR)

("C:/Users/Usuário 1/Documents/Inovve_Automação/DOCUMENTAIZER 4.0/miktex/tex
mfs/install/tex/latex/graphics/trig.sty"
Package: trig 2023/12/02 v1.11 sin cos tan (DPC)
)
("C:/Users/Usuário 1/Documents/Inovve_Automação/DOCUMENTAIZER 4.0/miktex/tex
mfs/install/tex/latex/graphics-cfg/graphics.cfg"
File: graphics.cfg 2016/06/04 v1.11 sample graphics configuration
)
Package graphics Info: Driver file: luatex.def on input line 106.

("C:/Users/Usuário 1/Documents/Inovve_Automação/DOCUMENTAIZER 4.0/miktex/tex
mfs/install/tex/latex/graphics-def/luatex.def"
File: luatex.def 2025/09/29 v1.2f Graphics/color driver for luatex
))
\Gin@req@height=\dimen159
\Gin@req@width=\dimen160
)
("C:/Users/Usuário 1/Documents/Inovve_Automação/DOCUMENTAIZER 4.0/miktex/tex
mfs/install/tex/latex/eso-pic/eso-pic.sty"
Package: eso-pic 2026/05/31 v3.0e eso-pic (RN)
\ESO@tempdima=\dimen161
\ESO@tempdimb=\dimen162

("C:/Users/Usuário 1/Documents/Inovve_Automação/DOCUMENTAIZER 4.0/miktex/tex
mfs/install/tex/latex/xcolor/xcolor.sty"
Package: xcolor 2024/09/29 v3.02 LaTeX color extensions (UK)

("C:/Users/Usuário 1/Documents/Inovve_Automação/DOCUMENTAIZER 4.0/miktex/tex
mfs/install/tex/latex/graphics-cfg/color.cfg"
File: color.cfg 2016/01/02 v1.6 sample color configuration
)
Package xcolor Info: Driver file: luatex.def on input line 274.

("C:/Users/Usuário 1/Documents/Inovve_Automação/DOCUMENTAIZER 4.0/miktex/tex
mfs/install/tex/latex/graphics/mathcolor.ltx")
Package xcolor Info: Model `cmy' substituted by `cmy0' on input line 1349.
Package xcolor Info: Model `hsb' substituted by `rgb' on input line 1353.
Package xcolor Info: Model `RGB' extended on input line 1365.
Package xcolor Info: Model `HTML' substituted by `rgb' on input line 1367.
Package xcolor Info: Model `Hsb' substituted by `hsb' on input line 1368.
Package xcolor Info: Model `tHsb' substituted by `hsb' on input line 1369.
Package xcolor Info: Model `HSB' substituted by `hsb' on input line 1370.
Package xcolor Info: Model `Gray' substituted by `gray' on input line 1371.
Package xcolor Info: Model `wave' substituted by `hsb' on input line 1372.
))
("C:/Users/Usuário 1/Documents/Inovve_Automação/DOCUMENTAIZER 4.0/miktex/tex
mfs/install/tex/latex/hyperref/hyperref.sty"
Package: hyperref 2025-07-12 v7.01o Hypertext links for LaTeX

("C:/Users/Usuário 1/Documents/Inovve_Automação/DOCUMENTAIZER 4.0/miktex/tex
mfs/install/tex/latex/kvsetkeys/kvsetkeys.sty"
Package: kvsetkeys 2022-10-05 v1.19 Key value parser (HO)
)
("C:/Users/Usuário 1/Documents/Inovve_Automação/DOCUMENTAIZER 4.0/miktex/tex
mfs/install/tex/generic/kvdefinekeys/kvdefinekeys.sty"
Package: kvdefinekeys 2019-12-19 v1.6 Define keys (HO)
)
("C:/Users/Usuário 1/Documents/Inovve_Automação/DOCUMENTAIZER 4.0/miktex/tex
mfs/install/tex/generic/pdfescape/pdfescape.sty"
Package: pdfescape 2019/12/09 v1.15 Implements pdfTeX's escape features (HO)
